../Core/Src/stm32f4xx_it.c:78:6:NMI_Handler	4	static
../Core/Src/stm32f4xx_it.c:93:6:HardFault_Handler	4	static
../Core/Src/stm32f4xx_it.c:108:6:MemManage_Handler	4	static
../Core/Src/stm32f4xx_it.c:123:6:BusFault_Handler	4	static
../Core/Src/stm32f4xx_it.c:138:6:UsageFault_Handler	4	static
../Core/Src/stm32f4xx_it.c:153:6:SVC_Handler	4	static
../Core/Src/stm32f4xx_it.c:166:6:DebugMon_Handler	4	static
../Core/Src/stm32f4xx_it.c:179:6:PendSV_Handler	4	static
../Core/Src/stm32f4xx_it.c:192:6:SysTick_Handler	8	static
../Core/Src/stm32f4xx_it.c:213:6:EXTI4_IRQHandler	8	static
../Core/Src/stm32f4xx_it.c:227:6:DMA1_Stream3_IRQHandler	8	static
../Core/Src/stm32f4xx_it.c:241:6:DMA1_Stream4_IRQHandler	8	static
../Core/Src/stm32f4xx_it.c:255:6:DMA1_Stream5_IRQHandler	8	static
../Core/Src/stm32f4xx_it.c:269:6:I2C2_EV_IRQHandler	8	static
../Core/Src/stm32f4xx_it.c:283:6:I2C2_ER_IRQHandler	8	static
../Core/Src/stm32f4xx_it.c:297:6:SPI1_IRQHandler	8	static
../Core/Src/stm32f4xx_it.c:311:6:SPI2_IRQHandler	8	static
../Core/Src/stm32f4xx_it.c:325:6:USART2_IRQHandler	8	static
../Core/Src/stm32f4xx_it.c:339:6:DMA2_Stream2_IRQHandler	8	static
../Core/Src/stm32f4xx_it.c:353:6:DMA2_Stream3_IRQHandler	8	static
../Core/Src/stm32f4xx_it.c:367:6:OTG_FS_IRQHandler	8	static
