D:/STM32CubeIDE/SpeedyBeeF405V3/src/common/core/sensors/acceleration.h:106:1:accelerometerConfig	4	static
D:/STM32CubeIDE/SpeedyBeeF405V3/src/common/core/sensors/acceleration.h:106:1:accelerometerConfigMutable	4	static
../src/common/core/sensors/acceleration_init.c:50:6:resetRollAndPitchTrims	24	static
../src/common/core/sensors/acceleration_init.c:58:13:setConfigCalibrationCompleted	8	static
../src/common/core/sensors/acceleration_init.c:63:6:accHasBeenCalibrated	8	static
../src/common/core/sensors/acceleration_init.c:68:6:accResetRollAndPitchTrims	8	static
../src/common/core/sensors/acceleration_init.c:73:13:resetFlightDynamicsTrims	16	static
../src/common/core/sensors/acceleration_init.c:81:6:pgResetFn_accelerometerConfig	32	static
../src/common/core/sensors/acceleration_init.c:306:6:accInitFilters	16	static
../src/common/core/sensors/acceleration_init.c:319:6:accInit	16	static
../src/common/core/sensors/acceleration_init.c:356:6:accStartCalibration	4	static
../src/common/core/sensors/acceleration_init.c:361:6:accIsCalibrationComplete	4	static
../src/common/core/sensors/acceleration_init.c:366:13:isOnFinalAccelerationCalibrationCycle	4	static
../src/common/core/sensors/acceleration_init.c:371:13:isOnFirstAccelerationCalibrationCycle	4	static
../src/common/core/sensors/acceleration_init.c:376:6:performAcclerationCalibration	16	static
../src/common/core/sensors/acceleration_init.c:410:6:performInflightAccelerationCalibration	24	static
../src/common/core/sensors/acceleration_init.c:463:6:setAccelerationTrims	16	static
