../src/common/core/sensors/gyro.h:260:1:gyroConfig	4	static
../src/common/core/sensors/gyro.c:67:23:cmpTimeUs	16	static
../src/common/core/sensors/gyro.c:139:6:isGyroSensorCalibrationComplete	16	static
../src/common/core/sensors/gyro.c:144:6:gyroIsCalibrationComplete	8	static
../src/common/core/sensors/gyro.c:162:13:isOnFinalGyroCalibrationCycle	16	static
../src/common/core/sensors/gyro.c:167:16:gyroCalculateCalibratingCycles	8	static
../src/common/core/sensors/gyro.c:172:13:isOnFirstGyroCalibrationCycle	24	static
../src/common/core/sensors/gyro.c:177:13:gyroSetCalibrationCycles	16	static
../src/common/core/sensors/gyro.c:188:6:gyroStartCalibration	16	static
../src/common/core/sensors/gyro.c:204:6:isFirstArmingGyroCalibrationRunning	8	static
../src/common/core/sensors/gyro.c:209:6:performGyroCalibration	32	static
../src/common/core/sensors/gyro.c:275:13:handleOverflow	24	static
../src/common/core/sensors/gyro.c:297:13:checkForOverflow	24	static
../src/common/core/sensors/gyro.c:376:13:gyroUpdateSensor	16	static
../src/common/core/sensors/gyro.c:423:6:gyroUpdate	8	static
D:/STM32CubeIDE/SpeedyBeeF405V3/src/common/core/gyro_filter_impl.c:24:13:filterGyro	16	static
../src/common/core/sensors/gyro.c:485:6:gyroFiltering	24	static
../src/common/core/sensors/gyro.c:559:6:gyroGetAccumulationAverage	32	static
../src/common/core/sensors/gyro.c:578:9:gyroReadSensorTemperature	8	static
../src/common/core/sensors/gyro.c:586:6:gyroReadTemperature	192	static
../src/common/core/sensors/gyro.c:605:9:gyroGetTemperature	4	static
../src/common/core/sensors/gyro.c:610:6:gyroOverflowDetected	4	static
../src/common/core/sensors/gyro.c:626:10:gyroAbsRateDps	16	static
../src/common/core/sensors/gyro.c:633:7:dynThrottle	16	static
../src/common/core/sensors/gyro.c:637:6:dynLpfDTermUpdate	48	static
