D:/STM32CubeIDE/SpeedyBeeF405V3/src/common/core/pg/rx.h:69:1:rxConfig	4	static
D:/STM32CubeIDE/SpeedyBeeF405V3/src/common/core/maths.h:156:19:constrain	24	static
D:/STM32CubeIDE/SpeedyBeeF405V3/src/common/core/maths.h:166:21:constrainf	24	static
D:/STM32CubeIDE/SpeedyBeeF405V3/src/common/utils.h:101:23:cmp32	16	static
../src/common/core/rx/rx.c:45:23:cmpTimeUs	16	static
../src/common/core/rx/rx.c:120:6:resetAllRxChannelRangeConfigurations	24	static
../src/common/core/rx/rx.c:129:14:nullReadRawRC	16	static
../src/common/core/rx/rx.c:137:16:nullFrameStatus	16	static
../src/common/core/rx/rx.c:144:13:nullProcessFrame	16	static
../src/common/core/rx/rx.c:151:6:isPulseValid	16	static
../src/common/core/rx/rx.c:161:13:serialRxInit	24	static
../src/common/core/rx/rx.c:240:6:rxInit	24	static
../src/common/core/rx/rx.c:341:6:rxIsReceivingSignal	4	static
../src/common/core/rx/rx.c:346:6:rxAreFlightChannelsValid	4	static
../src/common/core/rx/rx.c:351:6:suspendRxSignal	4	static
../src/common/core/rx/rx.c:362:6:resumeRxSignal	4	static
../src/common/core/rx/rx.c:396:13:setLinkQuality	16	static
../src/common/core/rx/rx.c:423:6:setLinkQualityDirect	16	static
../src/common/core/rx/rx.c:439:6:rxUpdateCheck	16	static
../src/common/core/rx/rx.c:447:6:rxFrameCheck	32	static
../src/common/core/rx/rx.c:544:17:getRxfailValue	24	static
../src/common/core/rx/rx.c:580:14:applyRxChannelRangeConfiguraton	16	static
../src/common/core/rx/rx.c:592:13:readRxChannelsApplyRanges	24	static
../src/common/core/rx/rx.c:618:6:detectAndApplySignalLossBehaviour	24	static
../src/common/core/rx/rx.c:697:6:calculateRxChannelsAndUpdateFailsafe	16	static
../src/common/core/rx/rx.c:733:6:parseRcChannels	24	static
../src/common/core/rx/rx.c:743:6:setRssiDirect	16	static
../src/common/core/rx/rx.c:754:17:updateRssiSamples	16	static
../src/common/core/rx/rx.c:766:6:setRssi	16	static
../src/common/core/rx/rx.c:781:6:setRssiMsp	16	static
../src/common/core/rx/rx.c:793:13:updateRSSIPWM	24	static
../src/common/core/rx/rx.c:802:13:updateRSSIADC	16	static
../src/common/core/rx/rx.c:821:6:updateRSSI	16	static
../src/common/core/rx/rx.c:840:10:getRssi	16	static
../src/common/core/rx/rx.c:852:9:getRssiPercent	16	static
../src/common/core/rx/rx.c:857:9:getRssiDbm	4	static
../src/common/core/rx/rx.c:864:16:updateRssiDbmSamples	16	static
../src/common/core/rx/rx.c:876:6:setRssiDbm	16	static
../src/common/core/rx/rx.c:885:6:setRssiDbmDirect	16	static
../src/common/core/rx/rx.c:918:10:rxGetRefreshRate	4	static
../src/common/core/rx/rx.c:923:6:isRssiConfigured	4	static
../src/common/core/rx/rx.c:928:9:rxGetFrameDelta	24	static
../src/common/core/rx/rx.c:948:10:rxFrameTimeUs	4	static
../src/common/core/rx/rx.c:958:6:processRx	16	static
../src/common/core/rx/rx.c:1098:6:processRxModes	16	static
../src/common/core/rx/rx.c:1302:16:rcLookupThrottle	24	static
../src/common/core/rx/rx.c:1309:6:updateRcCommands	48	static
../src/common/core/rx/rx.c:1392:6:cliRx	168	static
