C:/Users/jjins/Documents/Project/SpeedyBeeF405V3/src/common/core/maths.h:156:19:constrain	24	static
C:/Users/jjins/Documents/Project/SpeedyBeeF405V3/src/common/core/maths.h:166:21:constrainf	24	static
C:/Users/jjins/Documents/Project/SpeedyBeeF405V3/src/common/utils.h:101:23:cmp32	16	static
../src/common/core/rx/rx.c:41:23:cmpTimeUs	16	static
../src/common/core/rx/rx.c:116:6:resetAllRxChannelRangeConfigurations	24	static
../src/common/core/rx/rx.c:125:14:nullReadRawRC	16	static
../src/common/core/rx/rx.c:133:16:nullFrameStatus	16	static
../src/common/core/rx/rx.c:140:13:nullProcessFrame	16	static
../src/common/core/rx/rx.c:147:6:isPulseValid	16	static
../src/common/core/rx/rx.c:157:13:serialRxInit	24	static
../src/common/core/rx/rx.c:236:6:rxInit	24	static
../src/common/core/rx/rx.c:338:6:rxIsReceivingSignal	4	static
../src/common/core/rx/rx.c:343:6:rxAreFlightChannelsValid	4	static
../src/common/core/rx/rx.c:348:6:suspendRxSignal	4	static
../src/common/core/rx/rx.c:359:6:resumeRxSignal	4	static
../src/common/core/rx/rx.c:393:13:setLinkQuality	16	static
../src/common/core/rx/rx.c:420:6:setLinkQualityDirect	16	static
../src/common/core/rx/rx.c:436:6:rxUpdateCheck	16	static
../src/common/core/rx/rx.c:444:6:rxFrameCheck	32	static
../src/common/core/rx/rx.c:541:17:getRxfailValue	24	static
../src/common/core/rx/rx.c:577:14:applyRxChannelRangeConfiguraton	16	static
../src/common/core/rx/rx.c:589:13:readRxChannelsApplyRanges	24	static
../src/common/core/rx/rx.c:615:6:detectAndApplySignalLossBehaviour	24	static
../src/common/core/rx/rx.c:694:6:calculateRxChannelsAndUpdateFailsafe	16	static
../src/common/core/rx/rx.c:730:6:parseRcChannels	24	static
../src/common/core/rx/rx.c:740:6:setRssiDirect	16	static
../src/common/core/rx/rx.c:751:17:updateRssiSamples	16	static
../src/common/core/rx/rx.c:763:6:setRssi	16	static
../src/common/core/rx/rx.c:778:6:setRssiMsp	16	static
../src/common/core/rx/rx.c:790:13:updateRSSIPWM	24	static
../src/common/core/rx/rx.c:799:13:updateRSSIADC	16	static
../src/common/core/rx/rx.c:818:6:updateRSSI	16	static
../src/common/core/rx/rx.c:837:10:getRssi	16	static
../src/common/core/rx/rx.c:849:9:getRssiPercent	16	static
../src/common/core/rx/rx.c:854:9:getRssiDbm	4	static
../src/common/core/rx/rx.c:861:16:updateRssiDbmSamples	16	static
../src/common/core/rx/rx.c:873:6:setRssiDbm	16	static
../src/common/core/rx/rx.c:882:6:setRssiDbmDirect	16	static
../src/common/core/rx/rx.c:915:10:rxGetRefreshRate	4	static
../src/common/core/rx/rx.c:920:6:isRssiConfigured	4	static
../src/common/core/rx/rx.c:925:9:rxGetFrameDelta	24	static
../src/common/core/rx/rx.c:945:10:rxFrameTimeUs	4	static
../src/common/core/rx/rx.c:955:6:processRx	16	static
../src/common/core/rx/rx.c:1095:6:processRxModes	16	static
../src/common/core/rx/rx.c:1299:16:rcLookupThrottle	24	static
../src/common/core/rx/rx.c:1306:6:updateRcCommands	32	static
../src/common/core/rx/rx.c:1389:6:cliRx	168	static
