../src/common/core/filter.c:36:7:nullFilterApply	16	static
../src/common/core/filter.c:45:7:pt1FilterGain	24	static
../src/common/core/filter.c:51:6:pt1FilterInit	16	static
../src/common/core/filter.c:57:6:pt1FilterUpdateCutoff	16	static
../src/common/core/filter.c:62:7:pt1FilterApply	16	static
../src/common/core/filter.c:70:7:pt2FilterGain	32	static
../src/common/core/filter.c:80:6:pt2FilterInit	16	static
../src/common/core/filter.c:87:6:pt2FilterUpdateCutoff	16	static
../src/common/core/filter.c:92:7:pt2FilterApply	16	static
../src/common/core/filter.c:101:7:pt3FilterGain	32	static
../src/common/core/filter.c:111:6:pt3FilterInit	16	static
../src/common/core/filter.c:119:6:pt3FilterUpdateCutoff	16	static
../src/common/core/filter.c:124:7:pt3FilterApply	16	static
../src/common/core/filter.c:135:6:slewFilterInit	24	static
../src/common/core/filter.c:142:7:slewFilterApply	16	static
../src/common/core/filter.c:160:7:filterGetNotchQ	16	static
../src/common/core/filter.c:166:6:biquadFilterInitLPF	24	static
../src/common/core/filter.c:171:6:biquadFilterInit	32	static
../src/common/core/filter.c:180:6:biquadFilterUpdate	56	static
../src/common/core/filter.c:227:6:biquadFilterUpdateLPF	24	static
../src/common/core/filter.c:233:7:biquadFilterApplyDF1	24	static
../src/common/core/filter.c:250:7:biquadFilterApplyDF1Weighted	24	static
../src/common/core/filter.c:260:7:biquadFilterApply	24	static
../src/common/core/filter.c:270:6:laggedMovingAverageInit	24	static
../src/common/core/filter.c:280:7:laggedMovingAverageUpdate	24	static
../src/common/core/filter.c:297:9:simpleLPFilterUpdate	24	static
../src/common/core/filter.c:306:6:simpleLPFilterInit	24	static
