../src/common/core/pid.c:241:6:pidSetItermAccelerator	16	static
../src/common/core/pid.c:246:6:pidOsdAntiGravityActive	4	static
../src/common/core/pid.c:251:6:pidStabilisationState	16	static
../src/common/core/pid.c:280:6:pidResetIterm	16	static
../src/common/core/pid.c:290:6:pidUpdateTpaFactor	24	static
../src/common/core/pid.c:304:6:pidUpdateAntiGravityThrottleFilter	24	static
../src/common/core/pid.c:600:14:accelerationLimit	24	static
../src/common/core/pid.c:613:13:rotateVector	32	static
../src/common/core/pid.c:626:6:rotateItermAndAxisError	48	static
../src/common/core/pid.c:1210:6:crashRecoveryModeActive	4	static
../src/common/core/pid.c:1227:6:pidSetAntiGravityState	16	static
../src/common/core/pid.c:1236:6:pidAntiGravityEnabled	4	static
../src/common/core/pid.c:1241:7:dynLpfCutoffFreq	32	static
../src/common/core/pid.c:1248:6:pidSetItermReset	16	static
../src/common/core/pid.c:1253:7:pidGetPreviousSetpoint	16	static
../src/common/core/pid.c:1258:7:pidGetDT	4	static
../src/common/core/pid.c:1263:7:pidGetPidFrequency	4	static
