../src/common/core/sensors.c:66:13:imuQuaternionComputeProducts	16	static
../src/common/core/sensors.c:80:13:imuComputeRotationMatrix	8	static
../src/common/core/sensors.c:97:6:Sensor_Init	16	static
../src/common/core/sensors.c:115:6:imuUpdateAttitude	16	static
../src/common/core/sensors.c:128:14:invSqrt	16	static
../src/common/core/sensors.c:133:13:imuMahonyAHRSupdate	104	static
../src/common/core/sensors.c:259:13:imuIsAccelerometerHealthy	32	static
../src/common/core/sensors.c:279:14:imuCalcKpGain	32	static
../src/common/core/sensors.c:338:13:imuUpdateEulerAngles	48	static
../src/common/core/sensors.c:359:6:imuCalculateEstimatedAttitude	72	static
../src/common/core/sensors.c:443:6:cliSensor	24	static
