../src/common/core/telemetry.c:108:6:serialize8	16	static
../src/common/core/telemetry.c:114:6:serialize16	16	static
../src/common/core/telemetry.c:120:6:serialize32	16	static
../src/common/core/telemetry.c:128:9:read8	4	static
../src/common/core/telemetry.c:133:10:read16	16	static
../src/common/core/telemetry.c:140:10:read32	16	static
../src/common/core/telemetry.c:147:6:headSerial	16	static
../src/common/core/telemetry.c:157:6:headSerialSend	16	static
../src/common/core/telemetry.c:162:6:headSerialResponse	16	static
../src/common/core/telemetry.c:172:6:headSerialReply	16	static
../src/common/core/telemetry.c:177:6:headSerialError	16	static
../src/common/core/telemetry.c:182:6:tailSerialReply	8	static
../src/common/core/telemetry.c:189:6:s_struct_partial	16	static
../src/common/core/telemetry.c:194:6:s_struct	16	static
../src/common/core/telemetry.c:202:6:SerialCom	24	static
../src/common/core/telemetry.c:285:6:evaluateCommand	16	static
../src/common/core/telemetry.c:743:6:SerialSerialize	24	static
../src/common/core/telemetry.c:750:6:UartSendData	32	static
