../src/common/core/scheduler/scheduler.c:91:23:cmpTimeUs	16	static
../src/common/core/scheduler/scheduler.c:92:23:cmpTimeCycles	16	static
../src/common/core/scheduler/scheduler.c:100:6:queueClear	8	static
../src/common/core/scheduler/scheduler.c:107:6:queueContains	24	static
../src/common/core/scheduler/scheduler.c:117:6:queueAdd	24	static
../src/common/core/scheduler/scheduler.c:133:6:queueRemove	24	static
../src/common/core/scheduler/scheduler.c:148:9:queueFirst	4	static
../src/common/core/scheduler/scheduler.c:157:9:queueNext	4	static
../src/common/core/scheduler/scheduler.c:164:6:taskSystemLoad	24	static
../src/common/core/scheduler/scheduler.c:188:6:getCheckFuncInfo	16	static
../src/common/core/scheduler/scheduler.c:196:6:getTaskInfo	16	static
../src/common/core/scheduler/scheduler.c:216:6:rescheduleTask	32	static
../src/common/core/scheduler/scheduler.c:235:6:setTaskEnabled	24	static
../src/common/core/scheduler/scheduler.c:247:9:getTaskDeltaTimeUs	16	static
../src/common/core/scheduler/scheduler.c:259:6:schedulerIgnoreTaskStateTime	4	static
../src/common/core/scheduler/scheduler.c:266:6:schedulerIgnoreTaskExecRate	4	static
../src/common/core/scheduler/scheduler.c:272:6:schedulerIgnoreTaskExecTime	4	static
../src/common/core/scheduler/scheduler.c:277:6:schedulerGetIgnoreTaskExecTime	4	static
../src/common/core/scheduler/scheduler.c:282:6:schedulerResetTaskStatistics	16	static
../src/common/core/scheduler/scheduler.c:297:6:schedulerResetTaskMaxExecutionTime	24	static
../src/common/core/scheduler/scheduler.c:311:6:schedulerResetCheckFunctionMaxExecutionTime	4	static
../src/common/core/scheduler/scheduler.c:316:6:schedulerInit	16	static
../src/common/core/scheduler/scheduler.c:348:6:schedulerSetNextStateTime	16	static
../src/common/core/scheduler/scheduler.c:353:9:schedulerGetNextStateTime	4	static
../src/common/core/scheduler/scheduler.c:358:10:schedulerExecuteTask	40	static
../src/common/core/scheduler/scheduler.c:422:6:scheduler	88	static
../src/common/core/scheduler/scheduler.c:707:6:schedulerEnableGyro	4	static
../src/common/core/scheduler/scheduler.c:712:10:getAverageSystemLoadPercent	4	static
../src/common/core/scheduler/scheduler.c:717:7:schedulerGetCycleTimeMultiplier	8	static
