../src/hw/driver/cli.c:121:6:cliInit	8	static
../src/hw/driver/cli.c:150:6:cliOpen	16	static
../src/hw/driver/cli.c:160:6:cliOpenLog	24	static
../src/hw/driver/cli.c:176:6:cliLogClose	4	static
../src/hw/driver/cli.c:182:6:cliShowLog	24	static
../src/hw/driver/cli.c:202:6:cliShowPrompt	16	static
../src/hw/driver/cli.c:208:6:cliMain	8	static
../src/hw/driver/cli.c:223:6:cliUpdate	56	static
../src/hw/driver/cli.c:434:6:cliLineClean	16	static
../src/hw/driver/cli.c:442:6:cliLineAdd	32	static
../src/hw/driver/cli.c:457:6:cliLineChange	40	static
../src/hw/driver/cli.c:499:6:cliRunCmd	24	static
../src/hw/driver/cli.c:525:6:cliParseArgs	40	static
../src/hw/driver/cli.c:557:6:cliPrintf	24	static
../src/hw/driver/cli.c:571:6:cliToUpper	24	static
../src/hw/driver/cli.c:598:9:cliArgsGetData	24	static
../src/hw/driver/cli.c:614:7:cliArgsGetFloat	24	static
../src/hw/driver/cli.c:630:7:cliArgsGetStr	24	static
../src/hw/driver/cli.c:646:6:cliArgsIsStr	24	static
../src/hw/driver/cli.c:665:6:cliKeepLoop	16	static
../src/hw/driver/cli.c:680:6:cliAdd	32	static
../src/hw/driver/cli.c:703:6:cliShowList	24	static
../src/hw/driver/cli.c:720:6:cliMemoryDump	56	static
../src/hw/driver/cli.c:779:6:cliTaskList	160	static
