../src/bsp/bsp.c:25:6:HAL_SYSTICK_Callback	4	static
../src/bsp/bsp.c:77:6:cycleCounterInit	16	static
../src/bsp/bsp.c:92:6:bspInit	8	static
../src/bsp/bsp.c:101:10:getCycleCounter	4	static
../src/bsp/bsp.c:106:9:clockCyclesToMicros	16	static
../src/bsp/bsp.c:112:9:clockCyclesTo10thMicros	16	static
../src/bsp/bsp.c:117:10:clockMicrosToCycles	16	static
../src/bsp/bsp.c:122:6:delay	16	static
../src/bsp/bsp.c:127:10:millis	8	static
../src/bsp/bsp.c:132:10:micros	12	static
../src/bsp/bsp.c:142:6:delayMicroseconds	24	static
../src/bsp/bsp.c:148:5:__io_putchar	16	static
../src/bsp/bsp.c:154:6:initialiseMemorySections	8	static
../src/bsp/bsp.c:169:6:SystemClock_Config	88	static
../src/bsp/bsp.c:219:6:Error_Handler	4	static,ignoring_inline_asm
