../src/lib/USB_DEVICE/App/usbd_cdc_if.c:41:10:cdcAvailable	16	static
../src/lib/USB_DEVICE/App/usbd_cdc_if.c:50:9:cdcRead	16	static
../src/lib/USB_DEVICE/App/usbd_cdc_if.c:64:6:cdcDataIn	24	static
../src/lib/USB_DEVICE/App/usbd_cdc_if.c:78:10:cdcWrite	24	static
../src/lib/USB_DEVICE/App/usbd_cdc_if.c:106:10:cdcGetBaud	4	static
../src/lib/USB_DEVICE/App/usbd_cdc_if.c:111:9:USBD_CDC_SOF	32	static
../src/lib/USB_DEVICE/App/usbd_cdc_if.c:255:15:CDC_Init_FS	8	static
../src/lib/USB_DEVICE/App/usbd_cdc_if.c:269:15:CDC_DeInit_FS	4	static
../src/lib/USB_DEVICE/App/usbd_cdc_if.c:283:15:CDC_Control_FS	16	static
../src/lib/USB_DEVICE/App/usbd_cdc_if.c:377:15:CDC_Receive_FS	32	static
../src/lib/USB_DEVICE/App/usbd_cdc_if.c:413:9:CDC_Transmit_FS	24	static
../src/lib/USB_DEVICE/App/usbd_cdc_if.c:439:15:CDC_TransmitCplt_FS	32	static
