D:/STM32CubeIDE/SpeedyBeeF405V3/src/common/core/maths.h:156:19:constrain	24	static
../src/hw/driver/gps/gps.c:50:23:cmpTimeUs	16	static
../src/hw/driver/gps/gps.c:280:13:shiftPacketLog	16	static
../src/hw/driver/gps/gps.c:289:13:isConfiguratorConnected	8	static
../src/hw/driver/gps/gps.c:301:13:gpsSetState	16	static
../src/hw/driver/gps/gps.c:312:6:gpsInit	8	static
../src/hw/driver/gps/gps.c:415:13:ubloxSendByteUpdateChecksum	24	static
../src/hw/driver/gps/gps.c:423:13:ubloxSendDataUpdateChecksum	24	static
../src/hw/driver/gps/gps.c:431:13:ubloxSendMessage	24	static
../src/hw/driver/gps/gps.c:448:13:ubloxSendConfigMessage	16	static
../src/hw/driver/gps/gps.c:458:13:ubloxSendPollMessage	88	static
../src/hw/driver/gps/gps.c:469:13:ubloxSendNAV5Message	88	static
../src/hw/driver/gps/gps.c:507:13:ubloxSetMessageRate	88	static
../src/hw/driver/gps/gps.c:515:13:ubloxSetNavRate	88	static
../src/hw/driver/gps/gps.c:563:6:gpsInitUblox	16	static
../src/hw/driver/gps/gps.c:735:6:gpsInitHardware	8	static
../src/hw/driver/gps/gps.c:754:13:updateGpsIndicator	16	static
../src/hw/driver/gps/gps.c:763:6:gpsUpdate	32	static
../src/hw/driver/gps/gps.c:895:13:gpsNewData	16	static
../src/hw/driver/gps/gps.c:917:6:gpsNewFrame	16	static
../src/hw/driver/gps/gps.c:937:6:gpsIsHealthy	4	static
../src/hw/driver/gps/gps.c:1443:6:_update_checksum	24	static
../src/hw/driver/gps/gps.c:1452:13:UBLOX_parse_gps	96	static
../src/hw/driver/gps/gps.c:1636:13:gpsNewFrameUBLOX	24	static
../src/hw/driver/gps/gps.c:1759:6:GPS_calc_longitude_scaling	24	static
../src/hw/driver/gps/gps.c:1768:13:GPS_calculateDistanceFlownVerticalSpeed	40	static
../src/hw/driver/gps/gps.c:1802:6:GPS_reset_home_position	8	static
../src/hw/driver/gps/gps.c:1821:6:GPS_distance_cm_bearing	32	static
../src/hw/driver/gps/gps.c:1832:6:GPS_calculateDistanceAndDirectionToHome	24	static
../src/hw/driver/gps/gps.c:1846:6:onGpsNewData	16	static
../src/hw/driver/gps/gps.c:1872:6:gpsSetFixState	16	static
